// Jest Snapshot v1, https://goo.gl/fbAQLP

exports[`testing calculate() 1`] = `3`;
